// Vitest Snapshot v1, https://vitest.dev/guide/snapshot.html

exports[`Login Page > should match snapshot 1`] = `
<div>
  <div
    class="container"
  >
    <div
      class="left-panel"
    >
      <img
        class="profile"
        src="/src/assets/images/kv-login.jpeg"
      />
    </div>
    <div
      class="right-panel"
    >
      <div
        class="login-box"
      >
        <img
          class="logo"
          src="/src/assets/images/kv-logo.png"
        />
        <form>
          <div
            class="form-group-login"
          >
            <input
              class="login-field"
              id="username"
              name="username"
              placeholder=""
              required=""
              type="text"
              value=""
            />
            <label
              class="login-label"
              for="username"
            >
              Username
            </label>
            <button
              disabled=""
            >
              Clear
            </button>
          </div>
          <div
            class="form-group-login"
          >
            <input
              class="login-field"
              id="password"
              name="password"
              placeholder=""
              required=""
              type="password"
              value=""
            />
            <label
              class="login-label"
              for="password"
            >
              Password
            </label>
          </div>
          <div
            class="show-password"
          >
            <label>
              Show Password
            </label>
            <input
              id="showpassword"
              name="showpassword"
              type="checkbox"
            />
          </div>
          <p
            class="error"
          />
          <button
            class="login-button"
            disabled=""
            type="button"
          >
            LogIn
          </button>
        </form>
      </div>
    </div>
  </div>
</div>
`;
